Archive member included because of file (symbol)

c:/program files (x86)/kpit/gnushv13.01-elf/sh-elf/bin/../lib/gcc/sh-elf/4.7-GNUSH_v13.01/m2\libgcc.a(_movmem.o)
                              FLASH.o (___movmemSI32)
c:/program files (x86)/kpit/gnushv13.01-elf/sh-elf/bin/../lib/gcc/sh-elf/4.7-GNUSH_v13.01/../../../../sh-elf/lib/m2\libc.a(lib_a-memcpy.o)
                              cmd_parser.o (_memcpy)

Allocating common symbols
Common symbol       size              file

ivt                 0x294             cmd_parser.o
wdt_dr              0x4               WDT.o
cmstate             0x4               cmd_parser.o
pFLMCR              0x4               FLASH.o
wdt_pin             0x2               WDT.o
txbuf               0x100             cmd_parser.o
flashstate          0x4               cmd_parser.o

Discarded input sections

 .text          0x0000000000000000        0x0 start_mmc.o
 .data          0x0000000000000000        0x0 start_mmc.o
 .bss           0x0000000000000000        0x0 start_mmc.o
 .text          0x0000000000000000        0x0 cmd_parser.o
 .data          0x0000000000000000        0x0 cmd_parser.o
 .text.set_lasterr
                0x0000000000000000        0xc cmd_parser.o
 .comment       0x0000000000000000       0x1d cmd_parser.o
 .text          0x0000000000000000        0x0 eep_funcs.o
 .data          0x0000000000000000        0x0 eep_funcs.o
 .comment       0x0000000000000000       0x1d eep_funcs.o
 .text          0x0000000000000000        0x0 main.o
 .data          0x0000000000000000        0x0 main.o
 .bss           0x0000000000000000        0x0 main.o
 .comment       0x0000000000000000       0x1d main.o
 .text          0x0000000000000000        0x0 crc.o
 .data          0x0000000000000000        0x0 crc.o
 .comment       0x0000000000000000       0x1d crc.o
 .text          0x0000000000000000        0x0 FLASH.o
 .data          0x0000000000000000        0x0 FLASH.o
 .comment       0x0000000000000000       0x1d FLASH.o
 .text          0x0000000000000000        0x0 ISR.o
 .data          0x0000000000000000        0x0 ISR.o
 .bss           0x0000000000000000        0x0 ISR.o
 .comment       0x0000000000000000       0x1d ISR.o
 .text          0x0000000000000000        0x0 SERIAL.o
 .data          0x0000000000000000        0x0 SERIAL.o
 .bss           0x0000000000000000        0x0 SERIAL.o
 .comment       0x0000000000000000       0x1d SERIAL.o
 .text          0x0000000000000000        0x0 WDT.o
 .data          0x0000000000000000        0x0 WDT.o
 .bss           0x0000000000000000        0x0 WDT.o
 .text.INT_CMT1_CMTI1
                0x0000000000000000       0x50 WDT.o
 .comment       0x0000000000000000       0x1d WDT.o
 .text          0x0000000000000000        0x0 CPU_STUFF.o
 .data          0x0000000000000000        0x0 CPU_STUFF.o
 .bss           0x0000000000000000        0x0 CPU_STUFF.o
 .comment       0x0000000000000000       0x1d CPU_STUFF.o
 .text          0x0000000000000000        0x0 SH7052/CPU.o
 .data          0x0000000000000000        0x0 SH7052/CPU.o
 .bss           0x0000000000000000        0x0 SH7052/CPU.o
 .comment       0x0000000000000000       0x1d SH7052/CPU.o
 .text          0x0000000000000000        0x0 SH7052/FLASH_CONST.o
 .data          0x0000000000000000        0x0 SH7052/FLASH_CONST.o
 .bss           0x0000000000000000        0x0 SH7052/FLASH_CONST.o
 .comment       0x0000000000000000       0x1d SH7052/FLASH_CONST.o
 .data          0x0000000000000000        0x0 c:/program files (x86)/kpit/gnushv13.01-elf/sh-elf/bin/../lib/gcc/sh-elf/4.7-GNUSH_v13.01/m2\libgcc.a(_movmem.o)
 .bss           0x0000000000000000        0x0 c:/program files (x86)/kpit/gnushv13.01-elf/sh-elf/bin/../lib/gcc/sh-elf/4.7-GNUSH_v13.01/m2\libgcc.a(_movmem.o)
 .data          0x0000000000000000        0x0 c:/program files (x86)/kpit/gnushv13.01-elf/sh-elf/bin/../lib/gcc/sh-elf/4.7-GNUSH_v13.01/../../../../sh-elf/lib/m2\libc.a(lib_a-memcpy.o)
 .bss           0x0000000000000000        0x0 c:/program files (x86)/kpit/gnushv13.01-elf/sh-elf/bin/../lib/gcc/sh-elf/4.7-GNUSH_v13.01/../../../../sh-elf/lib/m2\libc.a(lib_a-memcpy.o)

Memory Configuration

Name             Origin             Length             Attributes
RAM              0x00000000ffff8000 0x0000000000006000 xw
*default*        0x0000000000000000 0xffffffffffffffff

Linker script and memory map

LOAD start_mmc.o
LOAD cmd_parser.o
LOAD eep_funcs.o
LOAD main.o
LOAD crc.o
LOAD FLASH.o
LOAD ISR.o
LOAD SERIAL.o
LOAD WDT.o
LOAD CPU_STUFF.o
LOAD SH7052/CPU.o
LOAD SH7052/FLASH_CONST.o
LOAD c:/program files (x86)/kpit/gnushv13.01-elf/sh-elf/bin/../lib/gcc/sh-elf/4.7-GNUSH_v13.01/m2\libgcc.a
LOAD c:/program files (x86)/kpit/gnushv13.01-elf/sh-elf/bin/../lib/gcc/sh-elf/4.7-GNUSH_v13.01/m2\libgcc-Os-4-200.a
LOAD c:/program files (x86)/kpit/gnushv13.01-elf/sh-elf/bin/../lib/gcc/sh-elf/4.7-GNUSH_v13.01/../../../../sh-elf/lib/m2\libc.a
LOAD c:/program files (x86)/kpit/gnushv13.01-elf/sh-elf/bin/../lib/gcc/sh-elf/4.7-GNUSH_v13.01/m2\libgcc.a
LOAD c:/program files (x86)/kpit/gnushv13.01-elf/sh-elf/bin/../lib/gcc/sh-elf/4.7-GNUSH_v13.01/m2\libgcc-Os-4-200.a
                0x00000000ffffdffc                _stackinit = ((ORIGIN (RAM) + 0x6000) - 0x4)

.text           0x00000000ffff8000     0x1310
                0x00000000ffff8000                . = ALIGN (0x4)
 *(.rja)
 .rja           0x00000000ffff8000       0x2c start_mmc.o
                0x00000000ffff8000                RAMjump_entry
 *(.text)
 .text          0x00000000ffff802c       0x78 c:/program files (x86)/kpit/gnushv13.01-elf/sh-elf/bin/../lib/gcc/sh-elf/4.7-GNUSH_v13.01/m2\libgcc.a(_movmem.o)
                0x00000000ffff802c                ___movmem
                0x00000000ffff802c                ___movstr
                0x00000000ffff8060                ___movstrSI64
                0x00000000ffff8060                ___movmemSI64
                0x00000000ffff8064                ___movstrSI60
                0x00000000ffff8064                ___movmemSI60
                0x00000000ffff8068                ___movstrSI56
                0x00000000ffff8068                ___movmemSI56
                0x00000000ffff806c                ___movstrSI52
                0x00000000ffff806c                ___movmemSI52
                0x00000000ffff8070                ___movstrSI48
                0x00000000ffff8070                ___movmemSI48
                0x00000000ffff8074                ___movmemSI44
                0x00000000ffff8074                ___movstrSI44
                0x00000000ffff8078                ___movstrSI40
                0x00000000ffff8078                ___movmemSI40
                0x00000000ffff807c                ___movmemSI36
                0x00000000ffff807c                ___movstrSI36
                0x00000000ffff8080                ___movmemSI32
                0x00000000ffff8080                ___movstrSI32
                0x00000000ffff8084                ___movstrSI28
                0x00000000ffff8084                ___movmemSI28
                0x00000000ffff8088                ___movmemSI24
                0x00000000ffff8088                ___movstrSI24
                0x00000000ffff808c                ___movstrSI20
                0x00000000ffff808c                ___movmemSI20
                0x00000000ffff8090                ___movstrSI16
                0x00000000ffff8090                ___movmemSI16
                0x00000000ffff8094                ___movstrSI12
                0x00000000ffff8094                ___movmemSI12
                0x00000000ffff8098                ___movmemSI8
                0x00000000ffff8098                ___movstrSI8
                0x00000000ffff809c                ___movmemSI4
                0x00000000ffff809c                ___movstrSI4
 .text          0x00000000ffff80a4       0x94 c:/program files (x86)/kpit/gnushv13.01-elf/sh-elf/bin/../lib/gcc/sh-elf/4.7-GNUSH_v13.01/../../../../sh-elf/lib/m2\libc.a(lib_a-memcpy.o)
                0x00000000ffff80a4                _memcpy
 *(.text*)
 .text.reconst_24
                0x00000000ffff8138       0x28 cmd_parser.o
                0x00000000ffff8138                _reconst_24
 .text.iso_parserx
                0x00000000ffff8160       0xb8 cmd_parser.o
                0x00000000ffff8160                _iso_parserx
 .text.cmd_init
                0x00000000ffff8218       0x3c cmd_parser.o
                0x00000000ffff8218                _cmd_init
 .text.cmd_startcomm
                0x00000000ffff8254       0x24 cmd_parser.o
                0x00000000ffff8254                _cmd_startcomm
 .text.cmd_dump
                0x00000000ffff8278      0x120 cmd_parser.o
                0x00000000ffff8278                _cmd_dump
 .text.cmd_flash_init
                0x00000000ffff8398       0x54 cmd_parser.o
                0x00000000ffff8398                _cmd_flash_init
 .text.cmd_romcrc
                0x00000000ffff83ec       0x64 cmd_parser.o
                0x00000000ffff83ec                _cmd_romcrc
 .text.cmd_flash_utils
                0x00000000ffff8450       0xfc cmd_parser.o
                0x00000000ffff8450                _cmd_flash_utils
 .text.cmd_rmba
                0x00000000ffff854c       0x94 cmd_parser.o
                0x00000000ffff854c                _cmd_rmba
 .text.cmd_wmba
                0x00000000ffff85e0       0x84 cmd_parser.o
                0x00000000ffff85e0                _cmd_wmba
 .text.cmd_conf
                0x00000000ffff8664       0xe8 cmd_parser.o
                0x00000000ffff8664                _cmd_conf
 .text.cmd_loop
                0x00000000ffff874c      0x1bc cmd_parser.o
                0x00000000ffff874c                _cmd_loop
 .text.eep_read16
                0x00000000ffff8908       0x18 eep_funcs.o
                0x00000000ffff8908                _eep_read16
 .text.eep_setptr
                0x00000000ffff8920        0xc eep_funcs.o
                0x00000000ffff8920                _eep_setptr
 .text.startup.main
                0x00000000ffff892c       0x98 main.o
                0x00000000ffff892c                _main
 .text.crc16    0x00000000ffff89c4       0x78 crc.o
                0x00000000ffff89c4                _crc16
 .text.sweclear
                0x00000000ffff8a3c       0x24 FLASH.o
 .text.fwecheck
                0x00000000ffff8a60       0x20 FLASH.o
 .text.platf_flash_eb
                0x00000000ffff8a80      0x1e0 FLASH.o
                0x00000000ffff8a80                _platf_flash_eb
 .text.platf_flash_wb
                0x00000000ffff8c60      0x260 FLASH.o
                0x00000000ffff8c60                _platf_flash_wb
 .text.platf_flash_init
                0x00000000ffff8ec0       0x2c FLASH.o
                0x00000000ffff8ec0                _platf_flash_init
 .text.platf_flash_unprotect
                0x00000000ffff8eec        0xc FLASH.o
                0x00000000ffff8eec                _platf_flash_unprotect
 .text.die_trace
                0x00000000ffff8ef8       0x3e ISR.o
                0x00000000ffff8ef8                _die_trace
 *fill*         0x00000000ffff8f36        0x2 
 .text.build_ivt
                0x00000000ffff8f38       0x2c ISR.o
                0x00000000ffff8f38                _build_ivt
 .text.init_ints
                0x00000000ffff8f64       0x4c ISR.o
                0x00000000ffff8f64                _init_ints
 .text.init_sci
                0x00000000ffff8fb0       0x14 SERIAL.o
                0x00000000ffff8fb0                _init_sci
 .text.sci_rxidle
                0x00000000ffff8fc4       0x3e SERIAL.o
                0x00000000ffff8fc4                _sci_rxidle
 .text.sci_txblock
                0x00000000ffff9002       0x2a SERIAL.o
                0x00000000ffff9002                _sci_txblock
 .text.iso_clearmsg
                0x00000000ffff902c        0xc SERIAL.o
                0x00000000ffff902c                _iso_clearmsg
 .text.cks_u8   0x00000000ffff9038       0x1e SERIAL.o
                0x00000000ffff9038                _cks_u8
 *fill*         0x00000000ffff9056        0x2 
 .text.iso_sendpkt
                0x00000000ffff9058       0x9c SERIAL.o
                0x00000000ffff9058                _iso_sendpkt
 .text.tx_7F    0x00000000ffff90f4       0x28 SERIAL.o
                0x00000000ffff90f4                _tx_7F
 .text.cks_add8
                0x00000000ffff911c       0x24 SERIAL.o
                0x00000000ffff911c                _cks_add8
 .text.wdt_tog  0x00000000ffff9140       0x1c WDT.o
                0x00000000ffff9140                _wdt_tog
 .text.INT_ATU11_IMI1A
                0x00000000ffff915c       0x50 WDT.o
                0x00000000ffff915c                _INT_ATU11_IMI1A
 .text.init_wdt
                0x00000000ffff91ac       0x6c WDT.o
                0x00000000ffff91ac                _init_wdt
 .text.die      0x00000000ffff9218       0x1a WDT.o
                0x00000000ffff9218                _die
 *fill*         0x00000000ffff9232        0x2 
 .text.manual_wdt
                0x00000000ffff9234       0x34 WDT.o
                0x00000000ffff9234                _manual_wdt
 .text.pre_init_wdt
                0x00000000ffff9268       0x2c WDT.o
                0x00000000ffff9268                _pre_init_wdt
 .text.waitn_tse
                0x00000000ffff9294       0x38 WDT.o
                0x00000000ffff9294                _waitn_tse
 .text.waitn    0x00000000ffff92cc        0x8 CPU_STUFF.o
                0x00000000ffff92cc                _waitn
 .text.init_mclk
                0x00000000ffff92d4       0x3a SH7052/CPU.o
                0x00000000ffff92d4                _init_mclk
                0x00000000ffff9310                . = ALIGN (0x4)
 *fill*         0x00000000ffff930e        0x2 
                0x00000000ffff9310                _etext = .

.rodata         0x00000000ffff9310       0x3c
                0x00000000ffff9310                . = ALIGN (0x4)
 *(.rodata)
 *(.rodata*)
 .rodata.align1
                0x00000000ffff9310        0x8 cmd_parser.o
                0x00000000ffff9310                _npk_ver_string
 .rodata.align4
                0x00000000ffff9318       0x34 SH7052/FLASH_CONST.o
                0x00000000ffff9318                _fblocks
                0x00000000ffff934c                . = ALIGN (0x4)

.rela.dyn       0x00000000ffff934c        0x0
 .rela.text.iso_parserx
                0x0000000000000000        0x0 cmd_parser.o
 .rela.text.cmd_init
                0x0000000000000000        0x0 cmd_parser.o
 .rela.text.cmd_startcomm
                0x0000000000000000        0x0 cmd_parser.o
 .rela.text.cmd_dump
                0x0000000000000000        0x0 cmd_parser.o
 .rela.text.cmd_flash_init
                0x0000000000000000        0x0 cmd_parser.o
 .rela.text.cmd_romcrc
                0x0000000000000000        0x0 cmd_parser.o
 .rela.text.cmd_flash_utils
                0x0000000000000000        0x0 cmd_parser.o
 .rela.text.cmd_rmba
                0x0000000000000000        0x0 cmd_parser.o
 .rela.text.cmd_wmba
                0x0000000000000000        0x0 cmd_parser.o
 .rela.text.cmd_conf
                0x0000000000000000        0x0 cmd_parser.o
 .rela.text.cmd_loop
                0x0000000000000000        0x0 cmd_parser.o
 .rela.text.startup.main
                0x0000000000000000        0x0 cmd_parser.o
 .rela.text.sweclear
                0x0000000000000000        0x0 cmd_parser.o
 .rela.text.platf_flash_eb
                0x0000000000000000        0x0 cmd_parser.o
 .rela.text.platf_flash_wb
                0x0000000000000000        0x0 cmd_parser.o
 .rela.text.build_ivt
                0x0000000000000000        0x0 cmd_parser.o
 .rela.text.init_ints
                0x0000000000000000        0x0 cmd_parser.o
 .rela.text.wdt_tog
                0x0000000000000000        0x0 cmd_parser.o
 .rela.text.pre_init_wdt
                0x0000000000000000        0x0 cmd_parser.o

.data           0x00000000ffff934c        0x0
                0x00000000ffff934c                . = ALIGN (0x4)
                0x00000000ffff934c                _sdata = .
 *(.data)
 *(.data*)
                0x00000000ffff934c                . = ALIGN (0x4)
                0x00000000ffff934c                _edata = .
                0x0000000000000000                _idatalen = (. - _sdata)
                0x0000000000000001                ASSERT ((_sdata == _edata), unhandled initialized data !)
                0x00000000ffff934c                . = ALIGN (0x4)

.bss            0x00000000ffff934c      0x6c8
                0x00000000ffff934c                _sbss = .
 *(.bss)
 .bss           0x00000000ffff934c      0x118 cmd_parser.o
                0x00000000ffff934c                _lasterr
 .bss           0x00000000ffff9464        0x4 eep_funcs.o
 .bss           0x00000000ffff9468      0x202 crc.o
 .bss           0x00000000ffff966a        0x1 FLASH.o
                0x00000000ffff966a                _reflash_enabled
 *(.bss*)
 *(COMMON)
 *fill*         0x00000000ffff966b        0x1 
 COMMON         0x00000000ffff966c      0x39c cmd_parser.o
                0x00000000ffff966c                _ivt
                0x00000000ffff9900                _cmstate
                0x00000000ffff9904                _txbuf
                0x00000000ffff9a04                _flashstate
 COMMON         0x00000000ffff9a08        0x4 FLASH.o
                0x00000000ffff9a08                _pFLMCR
 COMMON         0x00000000ffff9a0c        0x6 WDT.o
                0x00000000ffff9a0c                _wdt_dr
                0x00000000ffff9a10                _wdt_pin
                0x00000000ffff9a14                . = ALIGN (0x4)
 *fill*         0x00000000ffff9a12        0x2 
                0x00000000ffff9a14                _ebss = .
                0x00000000000006c8                _bsslen = (. - _sbss)
                0x00000000ffff9a14                _endpayload = .

/DISCARD/
 *(.comment)
 libc.a(*)
 libm.a(*)
 libgcc.a(*)
OUTPUT(loader_SH7052.elf elf32-sh)

Cross Reference Table

Symbol                                            File
INT_ATU11_IMI1A                                   WDT.o
                                                  ISR.o
INT_CMT1_CMTI1                                    WDT.o
RAMjump_entry                                     start_mmc.o
__movmem                                          c:/program files (x86)/kpit/gnushv13.01-elf/sh-elf/bin/../lib/gcc/sh-elf/4.7-GNUSH_v13.01/m2\libgcc.a(_movmem.o)
__movmemSI12                                      c:/program files (x86)/kpit/gnushv13.01-elf/sh-elf/bin/../lib/gcc/sh-elf/4.7-GNUSH_v13.01/m2\libgcc.a(_movmem.o)
__movmemSI16                                      c:/program files (x86)/kpit/gnushv13.01-elf/sh-elf/bin/../lib/gcc/sh-elf/4.7-GNUSH_v13.01/m2\libgcc.a(_movmem.o)
__movmemSI20                                      c:/program files (x86)/kpit/gnushv13.01-elf/sh-elf/bin/../lib/gcc/sh-elf/4.7-GNUSH_v13.01/m2\libgcc.a(_movmem.o)
__movmemSI24                                      c:/program files (x86)/kpit/gnushv13.01-elf/sh-elf/bin/../lib/gcc/sh-elf/4.7-GNUSH_v13.01/m2\libgcc.a(_movmem.o)
__movmemSI28                                      c:/program files (x86)/kpit/gnushv13.01-elf/sh-elf/bin/../lib/gcc/sh-elf/4.7-GNUSH_v13.01/m2\libgcc.a(_movmem.o)
__movmemSI32                                      c:/program files (x86)/kpit/gnushv13.01-elf/sh-elf/bin/../lib/gcc/sh-elf/4.7-GNUSH_v13.01/m2\libgcc.a(_movmem.o)
                                                  FLASH.o
__movmemSI36                                      c:/program files (x86)/kpit/gnushv13.01-elf/sh-elf/bin/../lib/gcc/sh-elf/4.7-GNUSH_v13.01/m2\libgcc.a(_movmem.o)
__movmemSI4                                       c:/program files (x86)/kpit/gnushv13.01-elf/sh-elf/bin/../lib/gcc/sh-elf/4.7-GNUSH_v13.01/m2\libgcc.a(_movmem.o)
__movmemSI40                                      c:/program files (x86)/kpit/gnushv13.01-elf/sh-elf/bin/../lib/gcc/sh-elf/4.7-GNUSH_v13.01/m2\libgcc.a(_movmem.o)
__movmemSI44                                      c:/program files (x86)/kpit/gnushv13.01-elf/sh-elf/bin/../lib/gcc/sh-elf/4.7-GNUSH_v13.01/m2\libgcc.a(_movmem.o)
__movmemSI48                                      c:/program files (x86)/kpit/gnushv13.01-elf/sh-elf/bin/../lib/gcc/sh-elf/4.7-GNUSH_v13.01/m2\libgcc.a(_movmem.o)
__movmemSI52                                      c:/program files (x86)/kpit/gnushv13.01-elf/sh-elf/bin/../lib/gcc/sh-elf/4.7-GNUSH_v13.01/m2\libgcc.a(_movmem.o)
__movmemSI56                                      c:/program files (x86)/kpit/gnushv13.01-elf/sh-elf/bin/../lib/gcc/sh-elf/4.7-GNUSH_v13.01/m2\libgcc.a(_movmem.o)
__movmemSI60                                      c:/program files (x86)/kpit/gnushv13.01-elf/sh-elf/bin/../lib/gcc/sh-elf/4.7-GNUSH_v13.01/m2\libgcc.a(_movmem.o)
__movmemSI64                                      c:/program files (x86)/kpit/gnushv13.01-elf/sh-elf/bin/../lib/gcc/sh-elf/4.7-GNUSH_v13.01/m2\libgcc.a(_movmem.o)
__movmemSI8                                       c:/program files (x86)/kpit/gnushv13.01-elf/sh-elf/bin/../lib/gcc/sh-elf/4.7-GNUSH_v13.01/m2\libgcc.a(_movmem.o)
__movstr                                          c:/program files (x86)/kpit/gnushv13.01-elf/sh-elf/bin/../lib/gcc/sh-elf/4.7-GNUSH_v13.01/m2\libgcc.a(_movmem.o)
__movstrSI12                                      c:/program files (x86)/kpit/gnushv13.01-elf/sh-elf/bin/../lib/gcc/sh-elf/4.7-GNUSH_v13.01/m2\libgcc.a(_movmem.o)
__movstrSI16                                      c:/program files (x86)/kpit/gnushv13.01-elf/sh-elf/bin/../lib/gcc/sh-elf/4.7-GNUSH_v13.01/m2\libgcc.a(_movmem.o)
__movstrSI20                                      c:/program files (x86)/kpit/gnushv13.01-elf/sh-elf/bin/../lib/gcc/sh-elf/4.7-GNUSH_v13.01/m2\libgcc.a(_movmem.o)
__movstrSI24                                      c:/program files (x86)/kpit/gnushv13.01-elf/sh-elf/bin/../lib/gcc/sh-elf/4.7-GNUSH_v13.01/m2\libgcc.a(_movmem.o)
__movstrSI28                                      c:/program files (x86)/kpit/gnushv13.01-elf/sh-elf/bin/../lib/gcc/sh-elf/4.7-GNUSH_v13.01/m2\libgcc.a(_movmem.o)
__movstrSI32                                      c:/program files (x86)/kpit/gnushv13.01-elf/sh-elf/bin/../lib/gcc/sh-elf/4.7-GNUSH_v13.01/m2\libgcc.a(_movmem.o)
__movstrSI36                                      c:/program files (x86)/kpit/gnushv13.01-elf/sh-elf/bin/../lib/gcc/sh-elf/4.7-GNUSH_v13.01/m2\libgcc.a(_movmem.o)
__movstrSI4                                       c:/program files (x86)/kpit/gnushv13.01-elf/sh-elf/bin/../lib/gcc/sh-elf/4.7-GNUSH_v13.01/m2\libgcc.a(_movmem.o)
__movstrSI40                                      c:/program files (x86)/kpit/gnushv13.01-elf/sh-elf/bin/../lib/gcc/sh-elf/4.7-GNUSH_v13.01/m2\libgcc.a(_movmem.o)
__movstrSI44                                      c:/program files (x86)/kpit/gnushv13.01-elf/sh-elf/bin/../lib/gcc/sh-elf/4.7-GNUSH_v13.01/m2\libgcc.a(_movmem.o)
__movstrSI48                                      c:/program files (x86)/kpit/gnushv13.01-elf/sh-elf/bin/../lib/gcc/sh-elf/4.7-GNUSH_v13.01/m2\libgcc.a(_movmem.o)
__movstrSI52                                      c:/program files (x86)/kpit/gnushv13.01-elf/sh-elf/bin/../lib/gcc/sh-elf/4.7-GNUSH_v13.01/m2\libgcc.a(_movmem.o)
__movstrSI56                                      c:/program files (x86)/kpit/gnushv13.01-elf/sh-elf/bin/../lib/gcc/sh-elf/4.7-GNUSH_v13.01/m2\libgcc.a(_movmem.o)
__movstrSI60                                      c:/program files (x86)/kpit/gnushv13.01-elf/sh-elf/bin/../lib/gcc/sh-elf/4.7-GNUSH_v13.01/m2\libgcc.a(_movmem.o)
__movstrSI64                                      c:/program files (x86)/kpit/gnushv13.01-elf/sh-elf/bin/../lib/gcc/sh-elf/4.7-GNUSH_v13.01/m2\libgcc.a(_movmem.o)
__movstrSI8                                       c:/program files (x86)/kpit/gnushv13.01-elf/sh-elf/bin/../lib/gcc/sh-elf/4.7-GNUSH_v13.01/m2\libgcc.a(_movmem.o)
build_ivt                                         ISR.o
                                                  main.o
cks_add8                                          SERIAL.o
                                                  cmd_parser.o
cks_u8                                            SERIAL.o
                                                  cmd_parser.o
cmd_conf                                          cmd_parser.o
cmd_dump                                          cmd_parser.o
cmd_flash_init                                    cmd_parser.o
cmd_flash_utils                                   cmd_parser.o
cmd_init                                          cmd_parser.o
                                                  main.o
cmd_loop                                          cmd_parser.o
                                                  main.o
cmd_rmba                                          cmd_parser.o
cmd_romcrc                                        cmd_parser.o
cmd_startcomm                                     cmd_parser.o
cmd_wmba                                          cmd_parser.o
cmstate                                           cmd_parser.o
crc16                                             crc.o
                                                  cmd_parser.o
die                                               WDT.o
                                                  main.o
                                                  cmd_parser.o
die_trace                                         ISR.o
ebss                                              start_mmc.o
eep_read16                                        eep_funcs.o
                                                  cmd_parser.o
eep_setptr                                        eep_funcs.o
                                                  cmd_parser.o
fblocks                                           SH7052/FLASH_CONST.o
                                                  FLASH.o
flashstate                                        cmd_parser.o
init_ints                                         ISR.o
                                                  main.o
init_mclk                                         SH7052/CPU.o
                                                  main.o
init_sci                                          SERIAL.o
                                                  main.o
init_wdt                                          WDT.o
                                                  main.o
iso_clearmsg                                      SERIAL.o
                                                  cmd_parser.o
iso_parserx                                       cmd_parser.o
iso_sendpkt                                       SERIAL.o
                                                  cmd_parser.o
ivt                                               WDT.o
                                                  ISR.o
                                                  FLASH.o
                                                  main.o
                                                  cmd_parser.o
lasterr                                           cmd_parser.o
main                                              main.o
                                                  start_mmc.o
manual_wdt                                        WDT.o
                                                  FLASH.o
memcpy                                            c:/program files (x86)/kpit/gnushv13.01-elf/sh-elf/bin/../lib/gcc/sh-elf/4.7-GNUSH_v13.01/../../../../sh-elf/lib/m2\libc.a(lib_a-memcpy.o)
                                                  FLASH.o
                                                  cmd_parser.o
npk_ver_string                                    cmd_parser.o
pFLMCR                                            FLASH.o
platf_flash_eb                                    FLASH.o
                                                  cmd_parser.o
platf_flash_init                                  FLASH.o
                                                  cmd_parser.o
platf_flash_unprotect                             FLASH.o
                                                  cmd_parser.o
platf_flash_wb                                    FLASH.o
                                                  cmd_parser.o
pre_init_wdt                                      WDT.o
                                                  main.o
reconst_24                                        cmd_parser.o
reflash_enabled                                   FLASH.o
sbss                                              start_mmc.o
sci_rxidle                                        SERIAL.o
                                                  cmd_parser.o
sci_txblock                                       SERIAL.o
set_lasterr                                       cmd_parser.o
stackinit                                         ISR.o
                                                  start_mmc.o
tx_7F                                             SERIAL.o
                                                  cmd_parser.o
txbuf                                             cmd_parser.o
waitn                                             CPU_STUFF.o
                                                  FLASH.o
waitn_tse                                         WDT.o
                                                  FLASH.o
wdt_dr                                            WDT.o
wdt_pin                                           WDT.o
wdt_tog                                           WDT.o
