Renesas / SuperH SH GAS Big Endian C:\Users\Bimbo\AppData\Local\Temp\ccyo9Yth.s 			page 1


   1              		.file	"SERIAL.c"
   2              		.text
   3              	! GNU C (GCC) version 4.7-GNUSH_v13.01 (sh-elf)
   4              	!	compiled by GNU C version 4.2.1-sjlj (mingw32-2), GMP version 4.3.2, MPFR version 2.4.2, MPC vers
   5              	! GGC heuristics: --param ggc-min-expand=100 --param ggc-min-heapsize=131072
   6              	! options passed:  -I . -imultilib m2
   7              	! -iprefix c:\program files (x86)\kpit\gnushv13.01-elf\sh-elf\bin\../lib/gcc/sh-elf/4.7-GNUSH_v13.0
   8              	! -D SH7052 -D PLATF="SH7052" SERIAL.c -m2 -mb -auxbase-strip SERIAL.o -Os
   9              	! -Wall -Wextra -Wstrict-prototypes -std=gnu99 -ffunction-sections
  10              	! -fomit-frame-pointer -fstack-usage -fverbose-asm
  11              	! options enabled:  -fauto-inc-dec -fbranch-count-reg
  12              	! -fbranch-target-load-optimize -fcaller-saves -fcombine-stack-adjustments
  13              	! -fcommon -fcompare-elim -fcprop-registers -fcrossjumping
  14              	! -fcse-follow-jumps -fdebug-types-section -fdefer-pop -fdelayed-branch
  15              	! -fdelete-null-pointer-checks -fdevirtualize -fdwarf2-cfi-asm
  16              	! -fearly-inlining -feliminate-unused-debug-types -fexpensive-optimizations
  17              	! -fforward-propagate -ffunction-cse -ffunction-sections -fgcse -fgcse-lm
  18              	! -fgnu-runtime -fguess-branch-probability -fident -fif-conversion
  19              	! -fif-conversion2 -findirect-inlining -finline -finline-atomics
  20              	! -finline-functions -finline-functions-called-once
  21              	! -finline-small-functions -fipa-cp -fipa-profile -fipa-pure-const
  22              	! -fipa-reference -fipa-sra -fira-share-save-slots -fira-share-spill-slots
  23              	! -fivopts -fkeep-static-consts -fleading-underscore -fmath-errno
  24              	! -fmerge-constants -fmerge-debug-strings -fmove-loop-invariants
  25              	! -fomit-frame-pointer -foptimize-register-move -foptimize-sibling-calls
  26              	! -fpartial-inlining -fpeephole -fpeephole2 -fprefetch-loop-arrays
  27              	! -freg-struct-return -fregmove -freorder-blocks -freorder-functions
  28              	! -frerun-cse-after-loop -fsched-critical-path-heuristic
  29              	! -fsched-dep-count-heuristic -fsched-group-heuristic -fsched-interblock
  30              	! -fsched-last-insn-heuristic -fsched-rank-heuristic -fsched-spec
  31              	! -fsched-spec-insn-heuristic -fsched-stalled-insns-dep -fschedule-insns2
  32              	! -fshow-column -fshrink-wrap -fsigned-zeros -fsort-data
  33              	! -fsplit-ivs-in-unroller -fsplit-wide-types -fstrict-aliasing
  34              	! -fstrict-overflow -fstrict-volatile-bitfields -fthread-jumps
  35              	! -ftoplevel-reorder -ftrapping-math -ftree-bit-ccp -ftree-builtin-call-dce
  36              	! -ftree-ccp -ftree-ch -ftree-copy-prop -ftree-copyrename -ftree-cselim
  37              	! -ftree-dce -ftree-dominator-opts -ftree-dse -ftree-forwprop -ftree-fre
  38              	! -ftree-loop-if-convert -ftree-loop-im -ftree-loop-ivcanon
  39              	! -ftree-loop-optimize -ftree-parallelize-loops= -ftree-phiprop -ftree-pre
  40              	! -ftree-pta -ftree-reassoc -ftree-scev-cprop -ftree-sink
  41              	! -ftree-slp-vectorize -ftree-sra -ftree-switch-conversion
  42              	! -ftree-tail-merge -ftree-ter -ftree-vect-loop-version -ftree-vrp
  43              	! -funit-at-a-time -fverbose-asm -fzero-initialized-in-bss
  44              	! -maccumulate-outgoing-args -mb
  45              	
  46              		.section	.text.init_sci,"ax",@progbits
  47              		.align 1
  48              		.global	_init_sci
  49              		.type	_init_sci, @function
  50              	_init_sci:
  51 0000 9107     		mov.w	.L2,r1	!,
  52 0002 6010     		mov.b	@r1,r0	! MEM[(volatile struct st_sci *)4294963200B].SCR.BYTE,
  53 0004 C92F     		and	#47,r0	!, D.4505
  54 0006 2100     		mov.b	r0,@r1	! D.4505, MEM[(volatile struct st_sci *)4294963200B].SCR.BYTE
  55 0008 6010     		mov.b	@r1,r0	!,
  56 000a CB20     		or	#32,r0	!, tmp175
  57 000c 2100     		mov.b	r0,@r1	! tmp175,
Renesas / SuperH SH GAS Big Endian C:\Users\Bimbo\AppData\Local\Temp\ccyo9Yth.s 			page 2


  58 000e 000B     		rts	
  59 0010 0009     		nop
  60              		.align 1
  61              	.L2:
  62 0012 F002     		.short	-4094
  63              		.size	_init_sci, .-_init_sci
  64              		.section	.text.sci_rxidle,"ax",@progbits
  65              		.align 1
  66              		.global	_sci_rxidle
  67              		.type	_sci_rxidle, @function
  68              	_sci_rxidle:
  69 0000 911A     		mov.w	.L14,r1	!,
  70 0002 3416     		cmp/hi	r1,r4	! tmp172, ms
  71 0004 8B00     		bf	.L4	!
  72 0006 6413     		mov	r1,r4	! tmp195, ms
  73              	.L4:
  74 0008 9617     		mov.w	.L15,r6	!,
  75 000a 0417     		mul.l	r1,r4	! tmp195, ms
  76 000c 021A     		sts	macl,r2	!, intv
  77 000e 5764     		mov.l	@(16,r6),r7	! MEM[(volatile struct st_atu0 *)4294964256B].TCNT, t0
  78 0010 4209     		shlr2	r2	!, intv
  79 0012 9113     		mov.w	.L16,r1	!,
  80 0014 4209     		shlr2	r2	!, intv
  81 0016 E587     		mov	#-121,r5	!, tmp198
  82              	.L13:
  83 0018 5364     		mov.l	@(16,r6),r3	! MEM[(volatile struct st_atu0 *)4294964256B].TCNT, tmp177
  84 001a 3378     		sub	r7,r3	! t0, tmp177
  85 001c 3322     		cmp/hs       r2,r3	! intv, tmp177
  86 001e 8909     		bt	.L3	!
  87 0020 6010     		mov.b	@r1,r0	! MEM[(volatile struct st_sci *)4294963200B].SSR.BYTE,
  88 0022 C878     		tst	#120,r0	!, MEM[(volatile struct st_sci *)4294963200B].SSR.BYTE
  89 0024 89F8     		bt	.L13	!
  90 0026 5764     		mov.l	@(16,r6),r7	! MEM[(volatile struct st_atu0 *)4294964256B].TCNT, t0
  91 0028 6310     		mov.b	@r1,r3	! MEM[(volatile struct st_sci *)4294963200B].SSR.BYTE,
  92 002a 633C     		extu.b	r3,r3	! MEM[(volatile struct st_sci *)4294963200B].SSR.BYTE, D.4501
  93 002c 2359     		and	r5,r3	! tmp198, D.4501
  94 002e 2130     		mov.b	r3,@r1	! D.4501, MEM[(volatile struct st_sci *)4294963200B].SSR.BYTE
  95 0030 AFF2     		bra	.L13
  96 0032 0009     		nop	!
  97              	.L3:
  98 0034 000B     		rts	
  99 0036 0009     		nop
 100              		.align 1
 101              	.L14:
 102 0038 2710     		.short	10000
 103              	.L15:
 104 003a F420     		.short	-3040
 105              	.L16:
 106 003c F004     		.short	-4092
 107              		.size	_sci_rxidle, .-_sci_rxidle
 108              		.section	.text.sci_txblock,"ax",@progbits
 109              		.align 1
 110              		.global	_sci_txblock
 111              		.type	_sci_txblock, @function
 112              	_sci_txblock:
 113 0000 9211     		mov.w	.L27,r2	!,
 114 0002 E380     		mov	#-128,r3	!, tmp217
Renesas / SuperH SH GAS Big Endian C:\Users\Bimbo\AppData\Local\Temp\ccyo9Yth.s 			page 3


 115 0004 9710     		mov.w	.L26,r7	!,
 116 0006 A00A     		bra	.L18	!
 117 0008 7501     		add	#1,r5	!, tmp219
 118              	.L22:
 119 000a 6620     		mov.b	@r2,r6	! MEM[(volatile struct st_sci *)4294963200B],
 120 000c 666C     		extu.b	r6,r6	! MEM[(volatile struct st_sci *)4294963200B], D.4484
 121 000e 2638     		tst	r3,r6	! tmp217, D.4484
 122 0010 9109     		mov.w	.L27,r1	!,
 123 0012 89FA     		bt	.L22	!
 124 0014 6644     		mov.b	@r4+,r6	! MEM[base: buf_1, offset: 0B],
 125 0016 2760     		mov.b	r6,@r7	! MEM[base: buf_1, offset: 0B], MEM[(volatile struct st_sci *)4294963200B].TDR
 126 0018 6010     		mov.b	@r1,r0	!,
 127 001a C97F     		and	#127,r0	!, tmp212
 128 001c 2100     		mov.b	r0,@r1	! tmp212,
 129              	.L18:
 130 001e 4510     		dt	r5	! tmp219
 131 0020 8BF3     		bf	.L22	!
 132 0022 000B     		rts	
 133 0024 0009     		nop
 134              		.align 1
 135              	.L27:
 136 0026 F004     		.short	-4092
 137              	.L26:
 138 0028 F003     		.short	-4093
 139              		.size	_sci_txblock, .-_sci_txblock
 140              		.section	.text.iso_clearmsg,"ax",@progbits
 141              		.align 1
 142              		.global	_iso_clearmsg
 143              		.type	_iso_clearmsg, @function
 144              	_iso_clearmsg:
 145 0000 E100     		mov	#0,r1	!, tmp161
 146 0002 2412     		mov.l	r1,@r4	! tmp161, msg_1(D)->hdrlen
 147 0004 1411     		mov.l	r1,@(4,r4)	! tmp161, msg_1(D)->datalen
 148 0006 1412     		mov.l	r1,@(8,r4)	! tmp161, msg_1(D)->hi
 149 0008 000B     		rts	
 150 000a 1413     		mov.l	r1,@(12,r4)	! tmp161, msg_1(D)->di
 151              		.size	_iso_clearmsg, .-_iso_clearmsg
 152              		.section	.text.cks_u8,"ax",@progbits
 153              		.align 1
 154              		.global	_cks_u8
 155              		.type	_cks_u8, @function
 156              	_cks_u8:
 157 0000 6153     		mov	r5,r1	! len, tmp168
 158 0002 E300     		mov	#0,r3	!, rv
 159 0004 A005     		bra	.L30	!
 160 0006 7101     		add	#1,r1	!, tmp168
 161              	.L32:
 162 0008 6053     		mov	r5,r0	! len,
 163 000a 024C     		mov.b	@(r0,r4),r2	! MEM[base: data_6(D), index: len_5, offset: 0B],
 164 000c 6033     		mov	r3,r0	! rv, tmp166
 165 000e 302C     		add	r2,r0	! MEM[base: data_6(D), index: len_5, offset: 0B], tmp166
 166 0010 630C     		extu.b	r0,r3	! tmp166, rv
 167              	.L30:
 168 0012 4110     		dt	r1	! tmp168
 169 0014 8FF8     		bf.s	.L32	!
 170 0016 75FF     		add	#-1,r5	!, len
 171 0018 7501     		add	#1,r5	!, len
Renesas / SuperH SH GAS Big Endian C:\Users\Bimbo\AppData\Local\Temp\ccyo9Yth.s 			page 4


 172 001a 000B     		rts	
 173 001c 6033     		mov	r3,r0	! rv,
 174              		.size	_cks_u8, .-_cks_u8
 175              		.section	.text.iso_sendpkt,"ax",@progbits
 176              		.align 1
 177              		.global	_iso_sendpkt
 178              		.type	_iso_sendpkt, @function
 179              	_iso_sendpkt:
 180 0000 2F86     		mov.l	r8,@-r15	!,
 181 0002 4515     		cmp/pl	r5	! len
 182 0004 2F96     		mov.l	r9,@-r15	!,
 183 0006 2FA6     		mov.l	r10,@-r15	!,
 184 0008 6A43     		mov	r4,r10	! buf, buf
 185 000a 2FB6     		mov.l	r11,@-r15	!,
 186 000c 2FC6     		mov.l	r12,@-r15	!,
 187 000e 4F22     		sts.l	pr,@-r15	!,
 188 0010 8F33     		bf.s	.L33	!
 189 0012 7FF8     		add	#-8,r15	!,
 190 0014 913A     		mov.w	.L44,r1	!,
 191 0016 3517     		cmp/gt	r1,r5	! tmp171, len
 192 0018 8F01     		bf.s	.L35	!
 193 001a 6853     		mov	r5,r8	! len, len
 194 001c 6813     		mov	r1,r8	! tmp171, len
 195              	.L35:
 196 001e 9136     		mov.w	.L50,r1	!,
 197 0020 E2EF     		mov	#-17,r2	!, tmp178
 198 0022 64F3     		mov	r15,r4	!, tmp220
 199 0024 6310     		mov.b	@r1,r3	!,
 200 0026 7404     		add	#4,r4	!, tmp220
 201 0028 2239     		and	r3,r2	! tmp176, tmp177
 202 002a 2120     		mov.b	r2,@r1	! tmp177,
 203 002c E13F     		mov	#63,r1	!, tmp180
 204 002e 3817     		cmp/gt	r1,r8	! tmp180, len
 205 0030 8D03     		bt.s	.L36	!
 206 0032 E200     		mov	#0,r2	!, tmp187
 207 0034 2480     		mov.b	r8,@r4	! len, hdr
 208 0036 A005     		bra	.L43	!
 209 0038 E501     		mov	#1,r5	!,
 210              	.L36:
 211 003a 2420     		mov.b	r2,@r4	! tmp187, hdr
 212 003c 62F3     		mov	r15,r2	!, tmp191
 213 003e 7205     		add	#5,r2	!, tmp191
 214 0040 2280     		mov.b	r8,@r2	! len, hdr
 215 0042 E502     		mov	#2,r5	!,
 216              	.L43:
 217 0044 D113     		mov.l	.L47,r1	!, tmp193
 218 0046 DB13     		mov.l	.L47,r11	!, tmp194
 219 0048 410B     		jsr	@r1	! tmp193
 220 004a 69F3     		mov	r15,r9	!, tmp196
 221 004c 64A3     		mov	r10,r4	! buf,
 222 004e 4B0B     		jsr	@r11	! tmp194
 223 0050 6583     		mov	r8,r5	! len,
 224 0052 D011     		mov.l	.L48,r0	!, tmp197
 225 0054 7903     		add	#3,r9	!, tmp196
 226 0056 6C8C     		extu.b	r8,r12	! len, cks.1
 227 0058 64A3     		mov	r10,r4	! buf,
 228 005a 6583     		mov	r8,r5	! len,
Renesas / SuperH SH GAS Big Endian C:\Users\Bimbo\AppData\Local\Temp\ccyo9Yth.s 			page 5


 229 005c 400B     		jsr	@r0	! tmp197
 230 005e 29C0     		mov.b	r12,@r9	! cks.1, cks
 231 0060 30CC     		add	r12,r0	! cks.1, tmp202
 232 0062 2900     		mov.b	r0,@r9	! tmp202, cks
 233 0064 6493     		mov	r9,r4	! tmp196,
 234 0066 4B0B     		jsr	@r11	! tmp194
 235 0068 E501     		mov	#1,r5	!,
 236 006a 9111     		mov.w	.L49,r1	!,
 237              	.L38:
 238 006c 6010     		mov.b	@r1,r0	! MEM[(volatile struct st_sci *)4294963200B],
 239 006e C804     		tst	#4,r0	!, MEM[(volatile struct st_sci *)4294963200B]
 240 0070 89FC     		bt	.L38	!
 241 0072 910C     		mov.w	.L50,r1	!,
 242 0074 6010     		mov.b	@r1,r0	!,
 243 0076 CB10     		or	#16,r0	!, tmp217
 244 0078 2100     		mov.b	r0,@r1	! tmp217,
 245              	.L33:
 246 007a 7F08     		add	#8,r15	!,
 247 007c 4F26     		lds.l   @r15+,pr	!,
 248 007e 6CF6     		mov.l   @r15+,r12	!,
 249 0080 6BF6     		mov.l   @r15+,r11	!,
 250 0082 6AF6     		mov.l   @r15+,r10	!,
 251 0084 69F6     		mov.l   @r15+,r9	!,
 252 0086 68F6     		mov.l   @r15+,r8	!,
 253 0088 000B     		rts	
 254 008a 0009     		nop
 255              		.align 1
 256              	.L44:
 257 008c 00FF     		.short	255
 258              	.L50:
 259 008e F002     		.short	-4094
 260              	.L49:
 261 0090 F004     		.short	-4092
 262              	.L51:
 263 0092 0009     		.align 2
 264              	.L47:
 265 0094 00000000 		.long	_sci_txblock
 266              	.L48:
 267 0098 00000000 		.long	_cks_u8
 268              		.size	_iso_sendpkt, .-_iso_sendpkt
 269              		.section	.text.tx_7F,"ax",@progbits
 270              		.align 1
 271              		.global	_tx_7F
 272              		.type	_tx_7F, @function
 273              	_tx_7F:
 274 0000 4F22     		sts.l	pr,@-r15	!,
 275 0002 E17F     		mov	#127,r1	!, tmp166
 276 0004 7FFC     		add	#-4,r15	!,
 277 0006 2F10     		mov.b	r1,@r15	! tmp166, buf
 278 0008 61F3     		mov	r15,r1	!, tmp170
 279 000a 7101     		add	#1,r1	!, tmp170
 280 000c 2140     		mov.b	r4,@r1	! sid, buf
 281 000e 7101     		add	#1,r1	!, tmp174
 282 0010 2150     		mov.b	r5,@r1	! nrc, buf
 283 0012 64F3     		mov	r15,r4	!,
 284 0014 D103     		mov.l	.L53,r1	!, tmp176
 285 0016 410B     		jsr	@r1	! tmp176
Renesas / SuperH SH GAS Big Endian C:\Users\Bimbo\AppData\Local\Temp\ccyo9Yth.s 			page 6


 286 0018 E503     		mov	#3,r5	!,
 287 001a 7F04     		add	#4,r15	!,
 288 001c 4F26     		lds.l   @r15+,pr	!,
 289 001e 000B     		rts	
 290 0020 0009     		nop
 291              	.L54:
 292 0022 0009     		.align 2
 293              	.L53:
 294 0024 00000000 		.long	_iso_sendpkt
 295              		.size	_tx_7F, .-_tx_7F
 296              		.section	.text.cks_add8,"ax",@progbits
 297              		.align 1
 298              		.global	_cks_add8
 299              		.type	_cks_add8, @function
 300              	_cks_add8:
 301 0000 E000     		mov	#0,r0	!, sum
 302 0002 920E     		mov.w	.L62,r2	!,
 303 0004 A009     		bra	.L56	!
 304 0006 7501     		add	#1,r5	!, tmp185
 305              	.L58:
 306 0008 6144     		mov.b	@r4+,r1	! MEM[base: D.4583_29, offset: 0B],
 307 000a 611C     		extu.b	r1,r1	! MEM[base: D.4583_29, offset: 0B], sum
 308 000c 310C     		add	r0,r1	! sum, sum
 309 000e 2128     		tst	r2,r1	! tmp184, sum
 310 0010 8D03     		bt.s	.L56	!
 311 0012 601C     		extu.b	r1,r0	! sum, sum
 312 0014 7101     		add	#1,r1	!, tmp180
 313 0016 611D     		extu.w	r1,r1	! tmp180, sum
 314 0018 601C     		extu.b	r1,r0	! sum, sum
 315              	.L56:
 316 001a 4510     		dt	r5	! tmp185
 317 001c 8BF4     		bf	.L58	!
 318 001e 000B     		rts	
 319 0020 0009     		nop
 320              		.align 1
 321              	.L62:
 322 0022 0100     		.short	256
 323              		.size	_cks_add8, .-_cks_add8
 324              		.ident	"GCC: (GNU) 4.7-GNUSH_v13.01"
Renesas / SuperH SH GAS Big Endian C:\Users\Bimbo\AppData\Local\Temp\ccyo9Yth.s 			page 7


DEFINED SYMBOLS
                            *ABS*:0000000000000000 SERIAL.c
C:\Users\Bimbo\AppData\Local\Temp\ccyo9Yth.s:50     .text.init_sci:0000000000000000 _init_sci
C:\Users\Bimbo\AppData\Local\Temp\ccyo9Yth.s:68     .text.sci_rxidle:0000000000000000 _sci_rxidle
C:\Users\Bimbo\AppData\Local\Temp\ccyo9Yth.s:112    .text.sci_txblock:0000000000000000 _sci_txblock
C:\Users\Bimbo\AppData\Local\Temp\ccyo9Yth.s:144    .text.iso_clearmsg:0000000000000000 _iso_clearmsg
C:\Users\Bimbo\AppData\Local\Temp\ccyo9Yth.s:156    .text.cks_u8:0000000000000000 _cks_u8
C:\Users\Bimbo\AppData\Local\Temp\ccyo9Yth.s:179    .text.iso_sendpkt:0000000000000000 _iso_sendpkt
C:\Users\Bimbo\AppData\Local\Temp\ccyo9Yth.s:273    .text.tx_7F:0000000000000000 _tx_7F
C:\Users\Bimbo\AppData\Local\Temp\ccyo9Yth.s:300    .text.cks_add8:0000000000000000 _cks_add8

NO UNDEFINED SYMBOLS
